> Task :compileJava UP-TO-DATE
> Task :processResources UP-TO-DATE
> Task :classes UP-TO-DATE
> Task :compileTestJava UP-TO-DATE
> Task :processTestResources UP-TO-DATE
> Task :testClasses UP-TO-DATE
2026-02-22T17:25:31.924+09:00  INFO 22604 --- [ionShutdownHook] j.LocalContainerEntityManagerFactoryBean : Closing JPA EntityManagerFactory for persistence unit 'default'
Hibernate: 
    drop table if exists admin cascade 
Hibernate: 
    drop table if exists budget cascade 
Hibernate: 
    drop table if exists ledger cascade 
Hibernate: 
    drop table if exists memo cascade 
Hibernate: 
    drop table if exists recurring_transaction cascade 
Hibernate: 
    drop table if exists refresh_token cascade 
Hibernate: 
    drop table if exists users cascade 

> Task :test

LedgerRepository 테스트 > 1. 기본 CRUD 테스트 > 1-3. Soft delete된 거래는 @SQLRestriction으로 자동 필터링된다 FAILED
    java.lang.AssertionError at LedgerRepositoryTest.java:119

> Task :test FAILED
5 actionable tasks: 1 executed, 4 up-to-date
